{
    "id": @integer@,
    "ratio": 0.84,
    "source_currency": {
        "id": @integer@,
        "code": "EUR",
        "created_at": "@string@.isDateTime()",
        "updated_at": "@string@.isDateTime()",
        "_links": {
            "self": {
                "href": "\/api\/v1\/currencies\/EUR"
            }
        }
    },
    "target_currency": {
        "id": @integer@,
        "code": "USD",
        "created_at": "@string@.isDateTime()",
        "updated_at": "@string@.isDateTime()",
        "_links": {
            "self": {
                "href": "\/api\/v1\/currencies\/USD"
            }
        }
    },
    "updated_at": "@string@.isDateTime()",
    "_links": {
        "self": {
            "href": "\/api\/v1\/exchange-rates\/EUR-USD"
        }
    }
}
