{
    "page": 1,
    "limit": 10,
    "pages": 1,
    "total": 2,
    "_links": {
        "self": {
            "href": "\/api\/v1\/product-options\/?page=1&limit=10"
        },
        "first": {
            "href": "\/api\/v1\/product-options\/?page=1&limit=10"
        },
        "last": {
            "href": "\/api\/v1\/product-options\/?page=1&limit=10"
        }
    },
    "_embedded": {
        "items": [
            {
                "id": @integer@,
                "code": "MUG_SIZE",
                "position": 0,
                "values": []
            },
            {
                "id": @integer@,
                "code": "MUG_COLOR",
                "position": 1,
                "values": []
            }
        ]
    }
}
