{
    "id": @integer@,
    "code": "MUG_SIZE",
    "position": 0,
    "values": []
}
