{
    "@context": "\/api\/v2\/contexts\/CatalogPromotion",
    "@id": "\/api\/v2\/admin\/catalog-promotions",
    "@type": "hydra:Collection",
    "hydra:member": [
        {
            "@id": "\/api\/v2\/admin\/catalog-promotions\/mugs_discount",
            "@type": "CatalogPromotion",
            "id": @integer@,
            "name": "Mugs discount",
            "code": "mugs_discount"
        }
    ],
    "hydra:totalItems": 1
}
