{
    "@context":"\/api\/v2\/contexts\/CatalogPromotion",
    "@id":"\/api\/v2\/admin\/catalog-promotions\/3",
    "@type":"CatalogPromotion",
    "id":3,
    "name":"new_promotion",
    "code":"new_code"
}
