{
    "id": @integer@,
    "code": "MUG_TH",
    "attributes": [],
    "variants": [],
    "translations": {
        "en": {
            "locale": "en",
            "id": @integer@,
            "name": "Theme Mug",
            "slug": "theme-mug"
        },
        "nl": {
            "locale": "nl",
            "id": @integer@,
            "name": "Theme Mug",
            "slug": "theme-mug2"
        }
    },
    "_links": {
        "self": {
            "href": "@string@"
        }
    }
}