{
    "id": @integer@,
    "name": "Theme Mug",
    "code": "MUG_TH",
    "attributes": [],
    "variants": [],
    "options": [],
    "associations": [],
    "translations": {
        "en_US": {
            "id": @integer@,
            "locale": "en_US",
            "name": "Theme Mug",
            "slug": "theme-mug"
        }
    },
    "product_taxons": [
        {
            "id": @integer@,
            "taxon": {
                "id": @integer@,
                "name": "yellow mugs",
                "code": "YELLOW_MUGS",
                "children": []
            },
            "position": 0
        },
        {
            "id": @integer@,
            "taxon": {
                "id": @integer@,
                "name": "mugs",
                "code": "MUGS",
                "children": []
            },
            "position": 0
        }
    ],
    "reviews": [],
    "average_rating": 0,
    "images": [],
    "_links": {
        "self": {
            "href": "@string@"
        }
    }
}