{
  "id": @integer@,
  "attributes": [],
  "created_at": "@string@.isDateTime()",
  "updated_at": "@string@.isDateTime()",
  "translations": {
    "en_US": {
      "locale": "en_US",
      "id": @integer@,
      "name": "Lotr mug",
      "slug": "mug-lotr",
      "description": "@string@"
    }
  },
  "_links": {
    "self": {
      "href": "@string@"
    },
    "variants": {
      "href": "@string@"
    }
  }
}
