{
    "id": @integer@,
    "order": {
        "id": @integer@,
        "items": [],
        "items_total": 20,
        "adjustments": [],
        "adjustments_total": 0,
        "total": 20,
        "state": "cart",
        "created_at": "@string@.isDateTime()",
        "updated_at": "@string@.isDateTime()",
        "channel": {
            "id": @integer@,
            "code": "WEB",
            "name": "Web Channel",
            "description": "Lorem ipsum",
            "hostname": "localhost",
            "color": "black",
            "created_at": "@string@.isDateTime()",
            "updated_at": "@string@.isDateTime()",
            "enabled": true,
            "tax_calculation_strategy": "order_items_based",
            "_links": {
                "self": {
                    "href": "@string@"
                }
            }
        },
        "payments": [],
        "shipments": [],
        "checkout_state": "cart"
    },
    "quantity": 1,
    "unit_price": 20,
    "total": 20,
    "immutable": false,
    "units": [
        {
            "id": @integer@,
            "adjustments": [],
            "adjustments_total": 0,
            "_links": {
                "order": {
                    "href": "@string@"
                }
            }
        }
    ],
    "units_total": 20,
    "adjustments": [],
    "adjustments_total": 0,
    "variant": {
        "id": @integer@,
        "on_hold": 0,
        "tracked": true
    },
    "_links": {
        "product": {
            "href": "@string@"
        },
        "variant": {
            "href": "@string@"
        }
    }
}
