{
    "id": @integer@,
    "items": [
        {
            "id": @integer@,
            "quantity": 3,
            "unit_price": 20,
            "total": 60,
            "units": [
                {
                    "id": @integer@,
                    "adjustments": [],
                    "adjustments_total": 0
                },
                {
                    "id": @integer@,
                    "adjustments": [],
                    "adjustments_total": 0
                },
                {
                    "id": @integer@,
                    "adjustments": [],
                    "adjustments_total": 0
                }
            ],
            "units_total": 60,
            "adjustments": [],
            "adjustments_total": 0,
            "variant": {},
            "_links": {
                "product": {
                    "href": "@string@"
                },
                "variant": {
                    "href": "@string@"
                }
            }
        },
        {
            "id": @integer@,
            "quantity": 1,
            "unit_price": 20,
            "total": 20,
            "units": [
                {
                    "id": @integer@,
                    "adjustments": [],
                    "adjustments_total": 0
                }
            ],
            "units_total": 20,
            "adjustments": [],
            "adjustments_total": 0,
            "variant": {},
            "_links": {
                "product": {
                    "href": "@string@"
                },
                "variant": {
                    "href": "@string@"
                }
            }
        }
    ],
    "items_total": 80,
    "adjustments": [],
    "adjustments_total": 0,
    "total": 80,
    "customer": {
        "id": @integer@,
        "email": "oliver.queen@star-city.com",
        "first_name": "Oliver",
        "last_name": "Queen",
        "_links": {
            "self": {
                "href": "@string@"
            }
        }
    },
    "channel": {
        "code": "WEB",
        "_links": {
            "self": {
                "href": "@string@"
            }
        }
    },
    "currency_code": "USD",
    "checkout_state": "cart"
}
