{
    "id": @integer@,
    "code": "reg",
    "name": "Light",
    "description": "Light weight items",
    "created_at": "@string@.isDateTime()",
    "updated_at": "@string@.isDateTime()"
}
