{
    "id": @integer@,
    "code": "Holliday",
    "name": "Holliday promotion",
    "priority": 0,
    "exclusive": false,
    "used": 0,
    "couponBased": true,
    "rules": [],
    "actions": [],
    "createdAt": "@string@.isDateTime()",
    "updatedAt": "@string@.isDateTime()",
    "channels": [],
    "_links": {
        "self": {
            "href": "\/api\/v1\/promotions\/Holliday"
        },
        "coupons": {
            "href": "\/api\/v1\/promotions\/Holliday\/coupons\/"
        }
    }
}
