{
    "id": @integer@,
    "code": "MONSTER_MUG",
    "optionValues": [],
    "position": 21,
    "translations": {
        "en_US": {
            "id": @integer@,
            "locale": "en_US"
        }
    },
    "onHold": 0,
    "onHand": 0,
    "version": 1,
    "tracked": false,
    "channelPricings": {
        "WEB": {
            "channel": "WEB",
            "price": 124300
        },
        "MOB": {
            "channel": "MOB",
            "price": 34200
        }
    },
    "_links": {
        "self": {
            "href": "@string@"
        },
        "product": {
          "href": "@string@"
        }
    }
}
