{
    "id": @integer@,
    "code": "SC2",
    "name": "Shipping Category 2",
    "description": "@string@",
    "created_at": "@string@.isDateTime()",
    "updated_at": "@string@.isDateTime()",
    "_links": {
        "self": {
            "href": "\/api\/v1\/shipping-categories\/SC2"
        }
    }
}
