<?xml version="1.0" encoding="UTF-8"?>
<urlset xmlns="http://www.sitemaps.org/schemas/sitemap/0.9">
  <url>
    <loc>http://localhost/p/mug-star-wars</loc>
    <lastmod>2015-10-09T22:00:00+02:00</lastmod>
    <changefreq>always</changefreq>
    <priority>0.5</priority>
  </url>
  <url>
    <loc>http://localhost/p/mug-lotr</loc>
    <lastmod>2015-10-03T22:00:00+02:00</lastmod>
    <changefreq>always</changefreq>
    <priority>0.5</priority>
  </url>
  <url>
    <loc>http://localhost/p/mug-breaking-bad</loc>
    <lastmod>2015-10-04T22:00:00+02:00</lastmod>
    <changefreq>always</changefreq>
    <priority>0.5</priority>
  </url>
</urlset>