{
    "@context": "\/api\/v2\/contexts\/CatalogPromotion",
    "@id": "\/api\/v2\/admin\/catalog-promotions\/mugs_discount",
    "@type": "CatalogPromotion",
    "id": @integer@,
    "name": "Mugs discount",
    "code": "mugs_discount",
    "channels": [
        "\/api\/v2\/admin\/channels\/WEB"
    ],
    "rules": [],
    "actions": [],
    "enabled": @boolean@,
    "translations": {
        "en_US": {
            "@id": "\/api\/v2\/admin\/catalog-promotion-translations\/@integer@",
            "@type": "CatalogPromotionTranslation",
            "id": @integer@,
            "label": "Mugs discount",
            "description": @string@
        }
    }
}
