{
    "@context": "\/api\/v2\/contexts\/CatalogPromotion",
    "@id": "\/api\/v2\/admin\/catalog-promotions\/mugs_discount",
    "@type": "CatalogPromotion",
    "id": "@integer@",
    "name": "Mugs discount",
    "code": "mugs_discount"
}
