{
    "@context": "/api/v2/contexts/ConstraintViolationList",
    "@type": "ConstraintViolationList",
    "hydra:title": "An error occurred",
    "hydra:description": "scopes[0].type: Catalog promotion scope type is invalid. Please choose a valid type.\nscopes[1].configuration.variants: Please add at least 1 variant.\nscopes[2].configuration.variants: Please add at least 1 variant.\nscopes[3].configuration.variants: Provided configuration contains errors. Please add only existing variants.",
    "violations": [
        {
            "propertyPath": "scopes[0].type",
            "message": "Catalog promotion scope type is invalid. Please choose a valid type.",
            "code": null
        },
        {
            "propertyPath": "scopes[1].configuration.variants",
            "message": "Please add at least 1 variant.",
            "code": null
        },
        {
            "propertyPath": "scopes[2].configuration.variants",
            "message": "Please add at least 1 variant.",
            "code": null
        },
        {
            "propertyPath": "scopes[3].configuration.variants",
            "message": "Provided configuration contains errors. Please add only existing variants.",
            "code": null
        }
    ]
}
