{
    "@context": "\/api\/v2\/contexts\/CatalogPromotion",
    "@id": "\/api\/v2\/admin\/catalog-promotions\/tshirts_discount",
    "@type": "CatalogPromotion",
    "id": @integer@,
    "name": "T-Shirts discount",
    "code": "tshirts_discount",
    "translations": {
        "en_US": {
            "@id": "\/api\/v2\/admin\/catalog-promotion-translations\/@integer@",
            "@type": "CatalogPromotionTranslation",
            "id": @integer@,
            "label": "T-Shirts discount",
            "description": "50% discount on every T-Shirt"
        }
    }
}
