{
    "@context": "/api/v2/contexts/ConstraintViolationList",
    "@type": "ConstraintViolationList",
    "hydra:title": "An error occurred",
    "hydra:description": "actions[0].type: Catalog promotion action type is invalid. Please choose a valid type.\nactions[1].configuration.amount: The percentage discount amount must be a number and can not be empty.\nactions[2].configuration.amount: The percentage discount amount must be between 0% and 100%.\nactions[3].configuration.amount: The percentage discount amount must be a number and can not be empty.\nactions[4].configuration: Provided configuration contains errors. Please add the fixed discount amount greater than 0 for at least 1 channel.\nactions[5].configuration: One of required channels is not filled.\nactions[6].configuration: One of required channels is not filled.\nactions[7].configuration: Provided configuration contains errors. Please add the fixed discount amount greater than 0 for at least 1 channel.",
    "violations": [
        {
            "propertyPath": "actions[0].type",
            "message": "Catalog promotion action type is invalid. Please choose a valid type.",
            "code": null
        },
        {
            "propertyPath": "actions[1].configuration.amount",
            "message": "The percentage discount amount must be a number and can not be empty.",
            "code": null
        },
        {
            "propertyPath": "actions[2].configuration.amount",
            "message": "The percentage discount amount must be between 0% and 100%.",
            "code": null
        },
        {
            "propertyPath": "actions[3].configuration.amount",
            "message": "The percentage discount amount must be a number and can not be empty.",
            "code": null
        },
        {
            "propertyPath": "actions[4].configuration",
            "message": "Provided configuration contains errors. Please add the fixed discount amount greater than 0 for at least 1 channel.",
            "code": null
        },
        {
            "propertyPath": "actions[5].configuration",
            "message": "One of required channels is not filled.",
            "code": null
        },
        {
            "propertyPath": "actions[6].configuration",
            "message": "One of required channels is not filled.",
            "code": null
        },
        {
            "propertyPath": "actions[7].configuration",
            "message": "Provided configuration contains errors. Please add the fixed discount amount greater than 0 for at least 1 channel.",
            "code": null
        }
    ]
}
