{
    "@context": "\/api\/v2\/contexts\/CatalogPromotion",
    "@id": "\/api\/v2\/admin\/catalog-promotions\/new_code",
    "@type": "CatalogPromotion",
    "id": @integer@,
    "name": "new_promotion",
    "code": "new_code",
    "channels": [
        "\/api\/v2\/admin\/channels\/WEB"
    ],
    "translations": {
        "en_US": {
            "@id": "\/api\/v2\/admin\/catalog-promotion-translations\/@integer@",
            "@type": "CatalogPromotionTranslation",
            "id": @integer@,
            "label": "Mugs discount",
            "description": @string@
        }
    }
}
