{
    "@context": "\/api\/v2\/contexts\/Order",
    "@id": "\/api\/v2\/shop\/orders\/nAWw2jewpA",
    "@type": "Order",
    "payments": [
        {
            "@id": "\/api\/v2\/shop\/payments\/@integer@",
            "@type": "Payment",
            "id": @integer@,
            "method": "\/api\/v2\/shop\/payment-methods\/CASH_ON_DELIVERY"
        }
    ],
    "shipments": [],
    "currencyCode": "USD",
    "localeCode": "en_US",
    "checkoutState": "cart",
    "paymentState": "cart",
    "shippingState": "cart",
    "tokenValue": "nAWw2jewpA",
    "id": @integer@,
    "items": [
        {
            "@id": "\/api\/v2\/shop\/order-items\/@integer@",
            "@type": "OrderItem",
            "variant": "\/api\/v2\/shop\/product-variants\/MUG_BLUE",
            "productName": "Mug",
            "id": @integer@,
            "quantity": 3,
            "unitPrice": 2000,
            "total": 6000,
            "subtotal": 6000
        }
    ],
    "itemsTotal": 6000,
    "total": 6000,
    "taxTotal": 0,
    "shippingTotal": 0,
    "orderPromotionTotal": 0
}
