{
    "@context": "/api/v2/contexts/Customer",
    "@id": @string@,
    "@type": "Customer",
    "defaultAddress": null,
    "user": {
        "@id": @string@,
        "@type": @string@,
        "verified": false
    },
    "email": "oliver@doe.com",
    "firstName": "John",
    "lastName": "Doe",
    "subscribedToNewsletter": false,
    "fullName": "John Doe"
}
