{
    "id": @integer@,
    "code": "en_US",
    "created_at": "@string@.isDateTime()",
    "updated_at": "@string@.isDateTime()"
}
