{
    "id": @integer@,
    "code": "USD",
    "createdAt": "@string@.isDateTime()",
    "updatedAt": "@string@.isDateTime()",
    "_links": {
        "self": {
            "href": "\/api\/v1\/currencies\/USD"
        }
    }
}
