{
    "id": @integer@,
    "code": "toys",
    "children": [],
    "left": 1,
    "right": 2,
    "level": 0,
    "position": 0,
    "translations": {
        "en_US": {
            "locale": "en_US"
        }
    },
    "images": [
        {
            "id": @integer@,
            "type": "ford",
            "file": {
                "test": true,
                "original_name": "ford",
                "mime_type": "application\/octet-stream",
                "error": 0
            },
            "path": "@string@"
        },
        {
            "id": @integer@,
            "type": "mugs",
            "file": {
                "test": true,
                "original_name": "mugs",
                "mime_type": "application\/octet-stream",
                "error": 0
            },
            "path": "@string@"
        }
    ],
    "_links": {
        "self": {
            "href": "@string@"
        }
    }
}
