{
    "page": 1,
    "limit": 10,
    "pages": 1,
    "total": 2,
    "_links": {
        "self": {
            "href": "\/api\/v1\/product-attributes\/?page=1&limit=10"
        },
        "first": {
            "href": "\/api\/v1\/product-attributes\/?page=1&limit=10"
        },
        "last": {
            "href": "\/api\/v1\/product-attributes\/?page=1&limit=10"
        }
    },
    "_embedded": {
        "items": [
            {
                "id": @integer@,
                "createdAt": "@string@.isDateTime()",
                "updatedAt": "@string@.isDateTime()",
                "_links": {
                    "self": {
                        "href": "\/api\/v1\/product-attributes\/mug_material"
                    }
                }
            },
            {
                "id": @integer@,
                "createdAt": "@string@.isDateTime()",
                "updatedAt": "@string@.isDateTime()",
                "_links": {
                    "self": {
                        "href": "\/api\/v1\/product-attributes\/mug_collection"
                    }
                }
            }
        ]
    }
}

