{
    "page": 1,
    "limit": 10,
    "pages": 1,
    "total": 2,
    "_links": {
        "self": {
            "href": "\/api\/v1\/promotions\/Holliday\/coupons\/?page=1&limit=10"
        },
        "first": {
            "href": "\/api\/v1\/promotions\/Holliday\/coupons\/?page=1&limit=10"
        },
        "last": {
            "href": "\/api\/v1\/promotions\/Holliday\/coupons\/?page=1&limit=10"
        }
    },
    "_embedded": {
        "items": [
            {
                "id": @integer@,
                "code": "1765C",
                "used": 0,
                "createdAt": "@string@.isDateTime()",
                "updatedAt": "@string@.isDateTime()",
                "_links": {
                    "self": {
                        "href": "\/api\/v1\/promotions\/Holliday\/coupons\/1765C"
                    },
                    "promotion": {
                        "href": "\/api\/v1\/promotions\/Holliday"
                    }
                }
            },
            {
                "id": @integer@,
                "code": "CAE14",
                "used": 0,
                "createdAt": "@string@.isDateTime()",
                "updatedAt": "@string@.isDateTime()",
                "_links": {
                    "self": {
                        "href": "\/api\/v1\/promotions\/Holliday\/coupons\/CAE14"
                    },
                    "promotion": {
                        "href": "\/api\/v1\/promotions\/Holliday"
                    }
                }
            }
        ]
    }
}
