{
    "id": @integer@,
    "code": "1765C",
    "used": 0,
    "created_at": "@string@.isDateTime()",
    "updated_at": "@string@.isDateTime()",
    "_links": {
        "self": {
            "href": "\/api\/v1\/promotions\/Holliday\/coupons\/1765C"
        },
        "promotion": {
            "href": "\/api\/v1\/promotions\/Holliday"
        }
    }
}
